// Jest Snapshot v1, https://goo.gl/fbAQLP

exports[`Auth Page renders 1`] = `
.c17 {
  background-color: #606060;
  box-shadow: 0 4px 4px rgba(0,0,0,0.25);
  color: #ffffff;
  width: 100%;
  border: none;
  border-radius: 15px;
  margin: 10px 0;
  font-size: 26px;
  line-height: 60px;
  height: 60px;
  font-family: Roboto,serif;
  font-style: normal;
  font-weight: normal;
  -webkit-align-items: center;
  -webkit-box-align: center;
  -ms-flex-align: center;
  align-items: center;
  text-align: center;
  cursor: pointer;
}

.c17:hover,
.c17:focus,
.c17:active {
  background-color: #9b9b9b;
}

.c17:active {
  color: #303030;
}

.c10 {
  background-color: #9B9B9B;
  box-shadow: 0 4px 4px rgba(0,0,0,0.25);
  color: #ffffff;
  border: none;
  border-radius: 15px;
  margin: 10px 0;
  width: 100%;
  height: 60px;
  font-family: Roboto,serif;
  font-style: normal;
  font-weight: normal;
  font-size: 26px;
  line-height: 26px;
  -webkit-align-items: center;
  -webkit-box-align: center;
  -ms-flex-align: center;
  align-items: center;
  text-align: center;
  cursor: pointer;
}

.c10:hover,
.c10:focus {
  background-color: #9b9b9b;
  color: white;
  border: 3px #777777 solid;
}

.c11 {
  background-color: #444444;
  box-shadow: 0 4px 4px rgba(0,0,0,0.25);
  color: #9B9B9B;
  border: none;
  border-radius: 15px;
  margin: 10px 0;
  width: 100%;
  height: 60px;
  font-family: Roboto,serif;
  font-style: normal;
  font-weight: normal;
  font-size: 26px;
  line-height: 26px;
  -webkit-align-items: center;
  -webkit-box-align: center;
  -ms-flex-align: center;
  align-items: center;
  text-align: center;
  cursor: pointer;
}

.c11:hover,
.c11:focus {
  background-color: #9b9b9b;
  color: white;
  border: 3px #777777 solid;
}

.c6 {
  width: 75%;
  -webkit-flex-shrink: 1;
  -ms-flex-negative: 1;
  flex-shrink: 1;
  -webkit-box-flex: 1;
  -webkit-flex-grow: 1;
  -ms-flex-positive: 1;
  flex-grow: 1;
}

.c6 img {
  height: 200px;
  width: 300px;
}

.c6 .carousel-dots {
  margin: 0;
}

.c12 {
  text-align: left;
  width: 100%;
  margin: 10px 0;
  position: relative;
}

.c13 {
  position: relative;
  left: 0;
  color: #9b9b9b;
  font-family: Scada;
  font-style: normal;
  font-weight: normal;
  font-size: 26px;
}

.c14 {
  border-bottom: 6px solid;
  border-color: #9b9b9b;
  display: -webkit-box;
  display: -webkit-flex;
  display: -ms-flexbox;
  display: flex;
}

.c16 {
  background-color: transparent;
  outline: none;
  border: none;
  font-family: Scada;
  font-style: normal;
  font-weight: normal;
  font-size: 20px;
  width: calc(100% - 40px);
  color: #9b9b9b;
  margin-bottom: 5px;
  margin-left: 5px;
}

.c16:focus {
  color: #cdcdcd;
}

.c16:-webkit-autofill {
  -webkit-box-shadow: 0 0 0 50px #303030 inset;
  -webkit-text-fill-color: #9b9b9b;
}

.c16:-webkit-autofill::first-line {
  font-family: Scada;
  font-size: 20px;
}

.c15 {
  height: 32px;
  width: 32px;
  margin-bottom: 7px;
  margin-top: 2px;
}

.c2 {
  font-family: Roboto,serif;
  font-style: normal;
  font-weight: normal;
  font-size: 108px;
  white-space: nowrap;
  line-height: 108px;
  -webkit-user-select: none;
  -moz-user-select: none;
  -ms-user-select: none;
  user-select: none;
  color: #f18c9c;
  text-shadow: 1px 1px 2px red,0 0 1em #f18c9c,0 0 0.2em #f18c9c;
}

.c0 {
  display: -webkit-box;
  display: -webkit-flex;
  display: -ms-flexbox;
  display: flex;
  height: 80vh;
  width: 70vw;
  -webkit-flex-direction: row;
  -ms-flex-direction: row;
  flex-direction: row;
  -webkit-box-pack: justify;
  -webkit-justify-content: space-between;
  -ms-flex-pack: justify;
  justify-content: space-between;
  min-height: 540px;
  min-width: 600px;
  background: rgb(255,210,207);
  background: linear-gradient(172deg,rgba(255,210,207,1) 0%,rgba(213,80,118,1) 100%);
  padding: 10vh 15vw;
}

.c1 {
  display: -webkit-box;
  display: -webkit-flex;
  display: -ms-flexbox;
  display: flex;
  -webkit-box-pack: start;
  -webkit-justify-content: flex-start;
  -ms-flex-pack: start;
  justify-content: flex-start;
  -webkit-align-items: center;
  -webkit-box-align: center;
  -ms-flex-align: center;
  align-items: center;
  -webkit-flex-direction: column;
  -ms-flex-direction: column;
  flex-direction: column;
  box-shadow: 15px 15px 10px rgba(169,86,86,0.8);
  aspect-ratio: 600/900;
  height: 100%;
  width: 60%;
  background-color: none;
  background-repeat: no-repeat;
  background-position: center;
  background-size: cover;
  background-image: url('[object Object]');
  text-align: center;
}

.c1:first-child {
  border-radius: 20px 0 0 20px;
}

.c1:last-child {
  border-radius: 0 20px 20px 0;
}

.c7 {
  display: -webkit-box;
  display: -webkit-flex;
  display: -ms-flexbox;
  display: flex;
  -webkit-box-pack: start;
  -webkit-justify-content: flex-start;
  -ms-flex-pack: start;
  justify-content: flex-start;
  -webkit-align-items: center;
  -webkit-box-align: center;
  -ms-flex-align: center;
  align-items: center;
  -webkit-flex-direction: column;
  -ms-flex-direction: column;
  flex-direction: column;
  box-shadow: 15px 15px 10px rgba(169,86,86,0.8);
  aspect-ratio: 600/900;
  height: 100%;
  width: 40%;
  background-color: #303030;
  background-repeat: no-repeat;
  background-position: center;
  background-size: cover;
  background-image: none;
  text-align: center;
}

.c7:first-child {
  border-radius: 20px 0 0 20px;
}

.c7:last-child {
  border-radius: 0 20px 20px 0;
}

.c4 {
  font-family: Roboto,serif;
  font-style: normal;
  font-weight: normal;
  font-size: 28px;
  line-height: 32px;
  color: #000000;
}

.c3 {
  width: 95%;
  background-color: rgb(135,203,252,0.69);
  border-radius: 10px;
  text-align: left;
  margin: 10px;
  padding: 15px 7px;
}

.c5 {
  width: 95%;
  background-color: rgb(135,203,252,0.69);
  border-radius: 10px;
  text-align: center;
  margin: 10px;
  padding: 15px 7px;
}

.c9 {
  display: grid;
  grid-template-columns: 1fr 1fr;
  gap: 5%;
  width: 100%;
}

.c8 {
  width: 80%;
  margin: 20px 0;
}

@media (max-width:1200px) {
  .c17 {
    font-size: 22px;
  }
}

@media (max-width:768px) {
  .c17 {
    font-size: 18px;
  }
}

@media (max-width:1200px) {
  .c10 {
    font-size: 20px;
    height: 50px;
  }
}

@media (max-height:800px) {
  .c10 {
    font-size: 20px;
    height: 50px;
  }
}

@media (max-width:1200px) {
  .c11 {
    font-size: 20px;
    height: 50px;
  }
}

@media (max-height:800px) {
  .c11 {
    font-size: 20px;
    height: 50px;
  }
}

@media (max-width:1200px) {
  .c13 {
    font-size: 18px;
  }
}

@media (max-height:800px) {
  .c13 {
    font-size: 18px;
  }
}

@media (max-width:1200px) {
  .c16 {
    font-size: 18px;
  }
}

@media (max-width:1200px) {
  .c2 {
    font-size: 80px;
    line-height: 85px;
  }
}

@media (max-width:992px) {
  .c2 {
    font-size: 60px;
    line-height: 65px;
  }
}

@media (max-width:768px) {
  .c2 {
    font-size: 40px;
    line-height: 45px;
  }
}

@media (max-height:800px) {
  .c2 {
    font-size: 60px;
    line-height: 65px;
  }
}

@media (max-width:1200px) {
  .c0 {
    height: 85vh;
    width: 75vw;
    padding: 7.5vh 12.5vw;
  }
}

@media (max-width:992px) {
  .c0 {
    height: 85vh;
    width: 85vw;
    padding: 7.5vh 7.5vw;
  }
}

@media (max-width:768px) {
  .c0 {
    height: 100vh;
    width: 100vw;
    padding: 0;
  }
}

@media (max-height:820px) {
  .c0 {
    height: 90vh;
    width: 90vw;
    padding: 5vh 5vw;
  }
}

@media (max-height:680px) {
  .c0 {
    height: 100vh;
    width: 100vw;
    padding: 0;
  }
}

@media (max-width:768px) {
  .c1:first-child,
  .c1:last-child {
    border-radius: 0;
  }
}

@media (max-height:680px) {
  .c1:first-child,
  .c1:last-child {
    border-radius: 0;
  }
}

@media (max-width:768px) {
  .c7:first-child,
  .c7:last-child {
    border-radius: 0;
  }
}

@media (max-height:680px) {
  .c7:first-child,
  .c7:last-child {
    border-radius: 0;
  }
}

@media (max-width:1200px) {
  .c4 {
    font-size: 24px;
    line-height: 26px;
  }
}

@media (max-width:992px) {
  .c4 {
    font-size: 20px;
    line-height: 20px;
  }
}

@media (max-width:768px) {
  .c4 {
    font-size: 18px;
    line-height: 18px;
  }
}

@media (max-height:800px) {
  .c4 {
    font-size: 20px;
    line-height: 20px;
  }
}

<div>
  <div
    class="c0"
  >
    <div
      class="c1"
      width="60"
    >
      <span
        class="c2"
      >
        カラクリ
      </span>
      <div
        class="c3"
      >
        <span
          class="c4"
        >
          <b>
            Karakuli
          </b>
           - платформа для изучения японского языка, применяющая технологию интервальных повторений для достижения быстрого результата
        </span>
      </div>
      <div
        class="c5"
      >
        <span
          class="c4"
        >
          Доступен следующий функционал:
        </span>
      </div>
      <div
        class="c6"
      >
        <div
          class="carousel-initialized"
          style="padding: 0px;"
        >
          <button
            class="carousel-arrow block carousel-prev"
            data-role="none"
            type="button"
          >
             
            Previous
          </button>
          <div
            class="carousel-track"
            style="height: 0px;"
          >
            <div
              class="carousel-item active"
              data-carouselkey="0"
              style="width: 1024px; z-index: 1;"
            >
              <div
                class="carousel-row"
              >
                <div
                  style="width: 100%; display: inline-block;"
                  tabindex="-1"
                >
                  <img
                    alt="chkn"
                    src="[object Object]"
                  />
                  <h3>
                    Study Lists
                  </h3>
                </div>
              </div>
            </div>
            <div
              class="carousel-item"
              data-carouselkey="1"
              style="width: 1024px; z-index: 1;"
            >
              <div
                class="carousel-row"
              >
                <div
                  style="width: 100%; display: inline-block;"
                  tabindex="-1"
                >
                  <img
                    alt="chkn"
                    src="https://elitemedicalprep.com/wp-content/uploads/2020/06/Osmosis-Spaced-Repetition-Graph.png"
                  />
                  <h3>
                    SRS
                  </h3>
                </div>
              </div>
            </div>
            <div
              class="carousel-item"
              data-carouselkey="2"
              style="width: 1024px; z-index: 1;"
            >
              <div
                class="carousel-row"
              >
                <div
                  style="width: 100%; display: inline-block;"
                  tabindex="-1"
                >
                  <img
                    alt="chkn"
                    src="[object Object]"
                  />
                  <h3>
                    Lessons
                  </h3>
                </div>
              </div>
            </div>
          </div>
          <button
            class="carousel-arrow block carousel-next"
            data-role="none"
            type="button"
          >
             
            Next
          </button>
        </div>
        <ul
          class="carousel-dots"
          style="display: block;"
        >
          <li
            class="carousel-dots-active carousel-dot-1"
          >
            <button
              type="button"
            >
              1
            </button>
          </li>
          <li
            class=" carousel-dot-2"
          >
            <button
              type="button"
            >
              2
            </button>
          </li>
          <li
            class=" carousel-dot-3"
          >
            <button
              type="button"
            >
              3
            </button>
          </li>
        </ul>
      </div>
    </div>
    <div
      class="c7"
      width="40"
    >
      <div
        class="c8"
      >
        <div
          class="c9"
        >
          <button
            class="c10"
          >
            Login
          </button>
          <button
            class="c11"
          >
            Register
          </button>
        </div>
        <form>
          <div
            class="c12"
          >
            <label
              class="c13"
              for="Почта"
            >
              Почта
            </label>
            <div
              class="c14"
            >
              <img
                alt="Почта"
                class="c15"
                src="https://emojipedia-us.s3.dualstack.us-west-1.amazonaws.com/thumbs/120/google/298/envelope_2709-fe0f.png"
              />
              <input
                class="c16"
                id="Почта"
                name="email"
                type="email"
              />
            </div>
          </div>
          <div
            class="c12"
          >
            <label
              class="c13"
              for="Пароль"
            >
              Пароль
            </label>
            <div
              class="c14"
            >
              <img
                alt="Пароль"
                class="c15"
                src="https://emojipedia-us.s3.dualstack.us-west-1.amazonaws.com/thumbs/120/whatsapp/302/locked_1f512.png"
              />
              <input
                class="c16"
                id="Пароль"
                name="password"
                type="password"
              />
            </div>
          </div>
          <button
            class="c17"
            type="submit"
          >
            Войти
          </button>
        </form>
      </div>
    </div>
  </div>
</div>
`;
