// Jest Snapshot v1, https://goo.gl/fbAQLP

exports[`Auth Page renders 1`] = `
.c17 {
  background-color: #606060;
  box-shadow: 0 4px 4px rgba(0,0,0,0.25);
  color: #ffffff;
  width: 100%;
  border: none;
  border-radius: 15px;
  margin: 10px 0;
  font-size: 26px;
  line-height: 60px;
  height: 60px;
  font-family: Roboto,serif;
  font-style: normal;
  font-weight: normal;
  -webkit-align-items: center;
  -webkit-box-align: center;
  -ms-flex-align: center;
  align-items: center;
  text-align: center;
  cursor: pointer;
}

.c17:hover,
.c17:focus,
.c17:active {
  background-color: #9b9b9b;
}

.c17:active {
  color: #303030;
}

.c10 {
  background-color: #9B9B9B;
  box-shadow: 0 4px 4px rgba(0,0,0,0.25);
  color: #ffffff;
  border: none;
  border-radius: 15px;
  margin: 10px 0;
  width: 100%;
  height: 60px;
  font-family: Roboto,serif;
  font-style: normal;
  font-weight: normal;
  font-size: 26px;
  line-height: 26px;
  -webkit-align-items: center;
  -webkit-box-align: center;
  -ms-flex-align: center;
  align-items: center;
  text-align: center;
  cursor: pointer;
}

.c10:hover,
.c10:focus {
  background-color: #9b9b9b;
  color: white;
  border: 3px #777777 solid;
}

.c11 {
  background-color: #444444;
  box-shadow: 0 4px 4px rgba(0,0,0,0.25);
  color: #9B9B9B;
  border: none;
  border-radius: 15px;
  margin: 10px 0;
  width: 100%;
  height: 60px;
  font-family: Roboto,serif;
  font-style: normal;
  font-weight: normal;
  font-size: 26px;
  line-height: 26px;
  -webkit-align-items: center;
  -webkit-box-align: center;
  -ms-flex-align: center;
  align-items: center;
  text-align: center;
  cursor: pointer;
}

.c11:hover,
.c11:focus {
  background-color: #9b9b9b;
  color: white;
  border: 3px #777777 solid;
}

.c6 {
  width: 75%;
  -webkit-flex-shrink: 1;
  -ms-flex-negative: 1;
  flex-shrink: 1;
  -webkit-box-flex: 1;
  -webkit-flex-grow: 1;
  -ms-flex-positive: 1;
  flex-grow: 1;
}

.c6 img {
  height: 200px;
  width: 300px;
}

.c6 .carousel-dots {
  margin: 0;
}

.c12 {
  text-align: left;
  width: 100%;
  margin: 10px 0;
  position: relative;
}

.c13 {
  position: relative;
  left: 0;
  color: #9b9b9b;
  font-family: Scada;
  font-style: normal;
  font-weight: normal;
  font-size: 26px;
}

.c14 {
  border-bottom: 6px solid;
  border-color: #9b9b9b;
  display: -webkit-box;
  display: -webkit-flex;
  display: -ms-flexbox;
  display: flex;
}

.c16 {
  background-color: transparent;
  outline: none;
  border: none;
  font-family: Scada;
  font-style: normal;
  font-weight: normal;
  font-size: 20px;
  width: calc(100% - 40px);
  color: #9b9b9b;
  margin-bottom: 5px;
  margin-left: 5px;
}

.c16:focus {
  color: #cdcdcd;
}

.c16:-webkit-autofill {
  -webkit-box-shadow: 0 0 0 50px #303030 inset;
  -webkit-text-fill-color: #9b9b9b;
}

.c16:-webkit-autofill::first-line {
  font-family: Scada;
  font-size: 20px;
}

.c15 {
  height: 32px;
  width: 32px;
  margin-bottom: 7px;
  margin-top: 2px;
}

.c2 {
  font-family: Roboto,serif;
  font-style: normal;
  font-weight: normal;
  font-size: 108px;
  white-space: nowrap;
  line-height: 108px;
  -webkit-user-select: none;
  -moz-user-select: none;
  -ms-user-select: none;
  user-select: none;
  color: #f18c9c;
  text-shadow: 1px 1px 2px red,0 0 1em #f18c9c,0 0 0.2em #f18c9c;
}

.c0 {
  display: -webkit-box;
  display: -webkit-flex;
  display: -ms-flexbox;
  display: flex;
  height: 80vh;
  width: 70vw;
  -webkit-flex-direction: row;
  -ms-flex-direction: row;
  flex-direction: row;
  -webkit-box-pack: justify;
  -webkit-justify-content: space-between;
  -ms-flex-pack: justify;
  justify-content: space-between;
  min-height: 540px;
  min-width: 600px;
  background: rgb(255,210,207);
  background: linear-gradient(172deg,rgba(255,210,207,1) 0%,rgba(213,80,118,1) 100%);
  padding: 10vh 15vw;
}

.c1 {
  display: -webkit-box;
  display: -webkit-flex;
  display: -ms-flexbox;
  display: flex;
  -webkit-box-pack: start;
  -webkit-justify-content: flex-start;
  -ms-flex-pack: start;
  justify-content: flex-start;
  -webkit-align-items: center;
  -webkit-box-align: center;
  -ms-flex-align: center;
  align-items: center;
  -webkit-flex-direction: column;
  -ms-flex-direction: column;
  flex-direction: column;
  box-shadow: 15px 15px 10px rgba(169,86,86,0.8);
  aspect-ratio: 600/900;
  height: 100%;
  width: 60%;
  background-color: none;
  background-repeat: no-repeat;
  background-position: center;
  background-size: cover;
  background-image: url('[object Object]');
  text-align: center;
}

.c1:first-child {
  border-radius: 20px 0 0 20px;
}

.c1:last-child {
  border-radius: 0 20px 20px 0;
}

.c7 {
  display: -webkit-box;
  display: -webkit-flex;
  display: -ms-flexbox;
  display: flex;
  -webkit-box-pack: start;
  -webkit-justify-content: flex-start;
  -ms-flex-pack: start;
  justify-content: flex-start;
  -webkit-align-items: center;
  -webkit-box-align: center;
  -ms-flex-align: center;
  align-items: center;
  -webkit-flex-direction: column;
  -ms-flex-direction: column;
  flex-direction: column;
  box-shadow: 15px 15px 10px rgba(169,86,86,0.8);
  aspect-ratio: 600/900;
  height: 100%;
  width: 40%;
  background-color: #303030;
  background-repeat: no-repeat;
  background-position: center;
  background-size: cover;
  background-image: none;
  text-align: center;
}

.c7:first-child {
  border-radius: 20px 0 0 20px;
}

.c7:last-child {
  border-radius: 0 20px 20px 0;
}

.c4 {
  font-family: Roboto,serif;
  font-style: normal;
  font-weight: normal;
  font-size: 28px;
  line-height: 32px;
  color: #000000;
}

.c3 {
  width: 95%;
  background-color: rgb(135,203,252,0.69);
  border-radius: 10px;
  text-align: left;
  padding: 15px 7px;
}

.c5 {
  width: 95%;
  background-color: rgb(135,203,252,0.69);
  border-radius: 10px;
  text-align: center;
  padding: 15px 7px;
}

.c9 {
  display: grid;
  grid-template-columns: 1fr 1fr;
  gap: 5%;
  width: 100%;
}

.c8 {
  width: 80%;
  margin: 20px 0;
}

@media (max-width:1200px) {
  .c17 {
    font-size: 22px;
  }
}

@media (max-width:768px) {
  .c17 {
    font-size: 18px;
  }
}

@media (max-width:1200px) {
  .c10 {
    font-size: 20px;
    height: 50px;
  }
}

@media (max-height:800px) {
  .c10 {
    font-size: 20px;
    height: 50px;
  }
}

@media (max-width:1200px) {
  .c11 {
    font-size: 20px;
    height: 50px;
  }
}

@media (max-height:800px) {
  .c11 {
    font-size: 20px;
    height: 50px;
  }
}

@media (max-width:1200px) {
  .c13 {
    font-size: 18px;
  }
}

@media (max-height:800px) {
  .c13 {
    font-size: 18px;
  }
}

@media (max-width:1200px) {
  .c16 {
    font-size: 18px;
  }
}

@media (max-width:1200px) {
  .c2 {
    font-size: 80px;
    line-height: 85px;
  }
}

@media (max-width:992px) {
  .c2 {
    font-size: 60px;
    line-height: 65px;
  }
}

@media (max-width:768px) {
  .c2 {
    font-size: 40px;
    line-height: 45px;
  }
}

@media (max-height:800px) {
  .c2 {
    font-size: 60px;
    line-height: 65px;
  }
}

@media (max-width:1200px) {
  .c0 {
    height: 85vh;
    width: 75vw;
    padding: 7.5vh 12.5vw;
  }
}

@media (max-width:992px) {
  .c0 {
    height: 85vh;
    width: 85vw;
    padding: 7.5vh 7.5vw;
  }
}

@media (max-width:768px) {
  .c0 {
    height: 100vh;
    width: 100vw;
    padding: 0;
  }
}

@media (max-height:820px) {
  .c0 {
    height: 90vh;
    width: 90vw;
    padding: 5vh 5vw;
  }
}

@media (max-height:680px) {
  .c0 {
    height: 100vh;
    width: 100vw;
    padding: 0;
  }
}

@media (max-width:768px) {
  .c1:first-child,
  .c1:last-child {
    border-radius: 0;
  }
}

@media (max-height:680px) {
  .c1:first-child,
  .c1:last-child {
    border-radius: 0;
  }
}

@media (max-width:768px) {
  .c7:first-child,
  .c7:last-child {
    border-radius: 0;
  }
}

@media (max-height:680px) {
  .c7:first-child,
  .c7:last-child {
    border-radius: 0;
  }
}

@media (max-width:1200px) {
  .c4 {
    font-size: 24px;
    line-height: 26px;
  }
}

@media (max-width:992px) {
  .c4 {
    font-size: 20px;
    line-height: 20px;
  }
}

@media (max-width:768px) {
  .c4 {
    font-size: 18px;
    line-height: 18px;
  }
}

@media (max-height:800px) {
  .c4 {
    font-size: 20px;
    line-height: 20px;
  }
}

<div>
  <div
    class="c0"
  >
    <div
      class="c1"
      width="60"
    >
      <span
        class="c2"
      >
        カラクリ
      </span>
      <div
        class="c3"
      >
        <span
          class="c4"
        >
          <b>
            Karakuli
          </b>
           
          - платформа для изучения японского языка, применяющая технологию интервальных повторений для достижения быстрого результата
        </span>
      </div>
      <div
        class="c5"
      >
        <span
          class="c4"
        >
          Доступен следующий функционал:
        </span>
      </div>
      <div
        class="c6"
      >
        <div
          class="carousel-initialized"
          style="padding: 0px;"
        >
          <button
            class="carousel-arrow block carousel-prev"
            data-role="none"
            type="button"
          >
             
            Previous
          </button>
          <div
            class="carousel-track"
            style="height: 0px;"
          >
            <div
              class="carousel-item active"
              data-carouselkey="0"
              style="width: 1024px; z-index: 1;"
            >
              <div
                class="carousel-row"
              >
                <div
                  style="width: 100%; display: inline-block;"
                  tabindex="-1"
                >
                  <img
                    src="https://cdn.pixabay.com/photo/2020/10/14/14/55/chicken-5654571_960_720.jpg"
                  />
                  <h3>
                    Study Lists
                  </h3>
                </div>
              </div>
            </div>
            <div
              class="carousel-item"
              data-carouselkey="1"
              style="width: 1024px; z-index: 1;"
            >
              <div
                class="carousel-row"
              >
                <div
                  style="width: 100%; display: inline-block;"
                  tabindex="-1"
                >
                  <img
                    src="data:image/jpeg;base64,/9j/4AAQSkZJRgABAQAAAQABAAD/2wCEAAkGBxIREhQSExIVFhUVFRgXGBgVFhAVEhMYFxYWFxcSFRgYHSggGBolHRMXITEhJSkrLi4uFx8zODMtNygtLisBCgoKDg0OGxAQGzAlICUtLS8tLS4tLys3LS0rLi0tLSstLS0rLS0tLS0tLS0tLS0tLSstLS0tLS0tLS0tLS0tNf/AABEIAOEA4QMBIgACEQEDEQH/xAAbAAEAAgMBAQAAAAAAAAAAAAAABAUCAwYHAf/EADsQAAIBAgMFBgMHAwMFAAAAAAABAgMRBCExBRJBUXEGIjJhgZETofAjQlKxwdHhYnKiBxTxFjNDU5L/xAAaAQEAAwEBAQAAAAAAAAAAAAAAAgMEAQUG/8QAJREBAAICAgIBBQADAAAAAAAAAAECAxEhMQQSQRMiMlFhBVJx/9oADAMBAAIRAxEAPwD3EAAAAAAAAAAAAAAAAAAAAAAAAAAAAAAAAAAAAAAAAAAAAAAAAAAAAAAAAAAAAAAAAAAAAAAAAAAAAAAAAAAAAAAAAAAAAAAAAAAAAAAAAAAAAAAAAAAAAAAAAAAAAAAAAAAAAAAAAAAAAAAAAAAAAAAAAAAAAAAAAAAAAAAAAAAAAAAAAAAAAAAAAAAACPicbTp+OcV5Xz9FqxM6diJnpINGLxtOkt6pOMFzk0r+5R1+1F7qlSlfnOyXWybb+Ry+0sZUqP7V70uiUY/0x5IovniOuWvD4d7z93EPSKNWM4qUZKUWrpppprmmtTM8uwWEqXSg501G7ThKSd273SO42VtWc5qnON3u331km1rdHMXkRedTGnM/iWxxuJ2uQAaGQAAAAAAAAAAAAAAAAAAAAAAaMXi6dKLnUnGEVxk1FdLs4/a3+olKN44em6r/ABSvCn6XW9L2XUjNojtOmO1uoduUm1u1eEwzcZ1VKa+5TTqVL8mo+H1seZbT2/i8VlVrOMX9yHchbk0s5Lq2VMFGOUb8vT0K5y/psp4Np/J3db/Uu7fw6Fkr+OfffLuxTS92YQ7YYmeaaV9EoJJe938zl6U4L7q9X9XZujtCKySt6MqnLbbVXw6R8OjqY/EVM51JdE3FeyyNMK1OLu5Jv3KKdapPJN2+XouBLwWz7tOUmI3aeVn061h0WGxW94Iert8l/Juhs5yd3lx4WRroSjSjdtJJZl3sbAuolUqK0XnGDyuvxTX6e5L03xDLfL6co2Fwm/3aaulrLRdE/wBi8wGBVJc3z/REqKtofSymKK8/LFkzWvx8AALVIAAAAAAAAAAAAAAAAAU20e1ODoS3J14761jDeqSXVQT3fWxyZiO3YiZ6XJWdoNs08HRdWeb0jFeKcnpFfm3wSZS1+32HXho159Iwiv8AKSPPu1226uNrKbW5Tit2EPE438Unbi38kiu2avxK/H497TzHD5tTaNTFVPiVpOUuEV4Ka/DBfrxIVarbJEnZ2MVKEkvE1be/ToVahOc85K3Gy7xTE17evSsVjWm6lNy4G+nh5crFhhsE7WStz/YmUsGrZs5vaybK2GF9TdHDE74FtCThNmTnmtOfPoSrEOTbUIuHiofzwNsscrd336cTdtSjuQjF3i5eJ+tlBc9LkrszsJYmffj9jSaun/5JWTUX73fVLiW6+IZsmSsR7Ss+y2xpVt2vWX2ad6cPxv8A9kua5L6fanxK2SPpZEaeVkyTedyAA6rAAAAAAAAAAAAAAwrVYwTlKSjFZtyaSS5tvQrtu7bp4WF5d6b8ME+9LzfKPmeZbcx2JxUr1ZWj92C8EekeL83mVZMsVX4fHtk/47nH9u8HTuoylVa4U45f/UrRt0ZUYrtxiJL7KhTh51JSm7c91KNn7nI4XD28K9Ws/wCCyoYFszTmvbp6FfCx1/J8xu0q9e/xq9SUX92Pch6qNr+pEowjFWirJFjUwm7qa1QKLTPy10x0j8YRqiutWVeJpWL74NiLj6GV+RztZpQbrbUVx+rl7szZqWbVlla+sm3ZJdf3I+yKG9L4lu6sl5vRnUd1KCSWT335vLV+SSLaRxtVa2uGl4OcG4uFk3e91kuC65kerJJ5/qXeNqruvWyv6lPiKe+3bqdi255Mcbjco8alnw6X15lthsXeUYpq1078Fxdis+HaLjln9ZfuyRRhuwaXilk/JZ5LqWxMfDl43DfXo/7itBRaV7Rjd5Jtv3tZvzyXE77Z+DjRpxpw0XF6ybzcn5ttv1OZ2Ds+27ld/kr6/I64uxTvcvK8q3MRAAC1kAAAAAAAAAAAAAArNu7XjhoXyc5eCPN83/SiTtPGxoU5VJaLRcZN5KK6s4KrWlVk6tV5v2S4KK5EL21wuw4vedz0iyhKUpVq0nKUnnfV8klwXkapTVR6LkjRjsQ6klGP8Jfuyw2XhbfoZLd6etSuo2zwuCtnYlZRNlSW6iI6jvcrtbSytZswq1bmFOncypwuyfToWVyER7StmYrGkf8A26K7tGlTw7fFvPySzt6ljiMUoI5vb2KdSm43+rfyLTERw5WszMTKZsqlu4Whku9Fy1Wd5NllgKe/Ui7tZrLh0KrBNLB4Zp3aUvR7zv8AXkWmysZ34J8zRir9qi+9LPa1RRyKdzbJ21ZNt35mGAgrSlq1pxzITTdlmOfWiIqOduL4L8izweBd1f8AnyKOWOcat1zOkoY9PckrapuLdm7ao5E8o55mI4dbgsMqcUkuvmyQUlbtHBWtHe6SV16EqO26OV5bt9Lp291kbovTqJeLbFk7mFiDVhsRCpHehJSXNG0mq6AAAAAAAAAAAAAHH9q8S6laNFeGn3n/AFTayXpF/wCXkUm0ajjFQ8s9L2/5LHaE97E1nk+9bPyjFfoU2OmpSflkuXn8zJkvrb1MFOIhowFG+b1Ze0FuxvzIWzcPck4qeRRE8bbZjc6aatYxUG+GRriTcKr5Mr1uV0/bDdhKKWb0X1YjbQxtr29DLaGMjFbsSjnJzeen1kidresahXjp7T7WR8TXcpZavgaMTSaavnf2LDB0Em5S6I+4hfFkt1eFNLq2Qiv7W2v+unyllhqUErbu9nwd5X9zVvbrTRM2lSlTtHK0baZpLS3sQdV01/c1Y5iIU643Cwq4nfu3qbsJVTTS1eWX1+RVbtnxz8zOnVcXl/wcmNSl6xMaadtYeUM9GvMrtkY9qW7N5PO/FP8AYucVJzjZlRPBZ+xXbiU4pvteRg7rhyZt7vhcnlx4FZg5Shk1dfOPmid4c1nda8xE7cmi32Ji5Ua0Vv33pJNJ92SeXvmegnklGpavR8qkH/kj1s1YOpeR59Yi8T/AAF7AAAAAAAAAGFaooxcnpFNvolczPk4ppp6NWYHjdPG/FrOabTlJzlqk3K82kuuRLopyz9fcocVhXhMTOg73pzavxcNYS9YtMv8ABSvY8vJE75fRYdTWJh0uzN2MLLWzeuSa0TKnaGKhF5u3lx9jb/unu7v17lZKnGU7T14aWa5NPiStO41Bjr62mbPkNp0m7b3yZJ+Pdd1v0/Uh0tkQu1JLdei5W5PXW719j7W2fGnZU51IZ5p2nG1vuv8ARkPWY5WTkpvTOVOTV2nZ6PmSMDRjJO995PT9VzNP28bNuFWP4leM4r+15ciR8eMZa56csuPqTiI2ha8zGm3F4dShlbLXmj5s3CqlGM5ayd7LXJ5X5L87nxVs76388zfWm2llaKSSXDrd6klUxPUou1K2+pNrN3SyyRTqO6vroWderwt9LkRq6T5cPpEoiWjHERGpR7vdvrw4e5lLhdGmVFrQypNrV+5KZ2n6fpJhyLChsxZXedne2idrpN+pWRrWafJkhbQaeZFC0T8LWrs6nl5L5lbVcYtJK+WfuapY2cuhnhsM5cM2cmEI4/KWey8J8XF0oXyc1Lqo99/KLPVDl+y2wHSm609d20Vyvq/LQ6g1Yq6h4/mZYvfj4AAWsgAAAAAAAAAAKDtP2Vo41KT7lWKtGokm7fhmvvR+a4PU5/8A6Tr0klZTXOEnePPuy1XuzvwV3xVt2ux+Rkx8RLzecNVrZ2fNPk1wZor0E872az/g9ExezaVV3lFb34llL3WpQbU7MTedKcW+U8vRtLMz2wTHT0MXnVni3CkwyTim7Pnxsa68LPu23X7ETF062HnatBx3tL2cXb8LWTN8at7aeunqQ/ktMRv7onabCgr8n7XK7FYJN95d7mrp+tuBnHGLw5prKztl5ea5EqFZS4Xl6afmxpzmvaopQcJ+V7ZvLPlcsq2N3YxTs+PG6vzIm0aLfe1cXezzy42J2B7MVcZCNRVVSptK3d3pSXFrNWQiJtOodvetY9rzwpsRWcuPPLguhokt13bOqp/6c/jxcn/bTUX7uTLHCdgMJHxurV/vnZdO4kXRjurnz8URw4SpjIL7yedtbmVD7VXjmj0/C9nMHS8GGpJ83CMpe8rsslRitIr2RKMM/MqJ/wAl/rV5MsBNcCVh9lynkk/Y9MlhYPWEfZGdOlGPhil0SQ+j/UZ/yEz8OJwXZio9VZeeR0uy9iwo5+KXPguiLQFlccQy5PJyX4mQAE2cAAAAAAAAAAAAAAAAAAEbaGChXpypzV4y6ZcmvM4vH9m69J3pw+JHyauvR5+x3oIWxxbmV2LPfH08oxWHcmk04TXCV4ytyaaIspThJJ7y1aeVlZa3PXatGM1aUVJeaT/MiVdi4eSs6MPSKT90VThn4lsjz41q0PM515S3Kid7xtu+d7aanpewcLGlQpwipJbu9aXiTl3mmuGbeRns/ZVGh/26ai+ebk+snmTSePH68s2fyPqRFY6gABazAAAAAAAAAAAAAAAAAAAAAAAAAAAAAAAAAAAAAAAAAAAAAAAAAAAAAAAAAAAAAAAAAAAAAAAAAAAAAAAAAAAAAAAAAAAAAAAAAAA//9k="
                  />
                  <h3>
                    SRS
                  </h3>
                </div>
              </div>
            </div>
            <div
              class="carousel-item"
              data-carouselkey="2"
              style="width: 1024px; z-index: 1;"
            >
              <div
                class="carousel-row"
              >
                <div
                  style="width: 100%; display: inline-block;"
                  tabindex="-1"
                >
                  <img
                    src="data:image/jpeg;base64,/9j/4AAQSkZJRgABAQAAAQABAAD/2wCEAAoHCBYWFRgWFhYYGBgZGBocGBgYGhgaGBgYGhwaGhgZGhgcIS4lHB4rIRgYJjgmKy8xNTU1GiQ7QDs0Py40NTEBDAwMEA8QHhISHjQrJCs0NDQ0NDQ0NDQ0NDQ0NDQ0NDQ0NDQ0NDQ0NDQ0NDQ0NDQ0NDQ0NDQ0NDQ0NDQ0NDQ0NP/AABEIAPsAyQMBIgACEQEDEQH/xAAcAAACAwEBAQEAAAAAAAAAAAAEBQIDBgEHAAj/xABEEAACAAQDBQUECQMCAwkAAAABAgADESEEEjEFQVFhcQYTIoGRMqGxwQcUQlJicoLR8BWS4aKyI4PCFiUzQ0Rjo9Lx/8QAGgEAAwEBAQEAAAAAAAAAAAAAAQIDAAQFBv/EACQRAAICAwACAwACAwAAAAAAAAABAhEDEiExQQQTUSJhgZGx/9oADAMBAAIRAxEAPwCSxO8fShF6pHiKLbGSKUSJlIvCRILFNWagNlMfKkMBIrH3cUhlaKqKoBEuLFWC+6jpw8UVsFAwWOGCClIj3cSlF2bYFYmJKYJMmKXSkbVozORAiOO1IgZka2JsXJaL1aBBMEWK8LJNgbCs0QMQV4kriMlJBTIFY+yxcIkqRaLZS+A+WOhIJ7uPgkFJswIyRBhB/dxS0uGSaGAaR93cGCRHe5hjUK5UyCFmwtzRYrxJIgmMe+joxAAJOgBJ6C8K8Piqu6H7NCvOwJ+MS2k+WU54qVHVrfOM+MssU9lFrzVD7DYlXUMpBVgCCNCDFjvGd7PTqSQv3CR5a/OBl2l3mLVQfAivTgXIoW52qB1MMWlglFtfhrEcRYzwpE6LTiDBiznL5z3jiPAbzYiJsCXkVjMvFGIaB1xBiDzI0uoNnziKJmkSMyKJzwNRGytZ14JlzIWnWLFmUjOIqdDLvY6s6AO9iSvAoaxok2C5LwmR4Nkz4yGQ2qIrZoGGIiJmxVFFQWGjgpA4mR1XjWZqwwLHcogcTY+7yDYaMvSIs3tKD48pIG/eARF4EZ3aTlnYknKrUWm6lj76xGMrYfi4ftnX9WXJPbMHJ8Vr77ceMFbVxQdFAPM9aUp7zC+YdIHnTDDKNuz6KcIfxbXV4D0xRWWyDVjfkKfOK9nzRLJelTSgHM7zAaGo4RLNDULUZXa8ncXtGcWP/EZRwU5R7oadnsaCChLs9S7Mbgiwu1a8BCWelYO7O4Yly5qFUU/MTr1p+0MvB53y8UVFuqNOXiGaKyY4rQGjyUXq8fM8Dl4+LwKM0TLxBmistEHeHAz5jEC0QJjhgMWi1Xi0NAgakWI8LTNqGK0TWZA6tEiYI6Dpc2L0aAZTQZLMZFEXrFgioNHc8AZFpMfVikzI+zwQixRGbxdVZg2oPrXQ9DGjLiFG1UZ2ChLD7dbnfSo0Ec2N9G+H8j6ZPnGLO9Dca9DT1i2U6faI87iAZ+GdH0elzU6W4Wp7oHtuNa8bH1EdOqPV+9zjaRqMHgJMw2eopWisoI/NU1i/+g1umb8pK6VsRX4HhCCUQMpz5WJ9oar5xrdl4h28IbOovnoQCwpmXk1xoDv0hJWlaOec8kXxij+loG8Yao+ybU6jWGCMAKCw3AQ7nYITAL0oDQ5bjhprevGt4S4rDMho3kw0YcQYaMkzgzSnJ3J2QZ4q72K3aB85rFJRIIM72Od5AwaJLCDl2eOxBFi2M2I2iGWOlY7HCYGxithEkSIsYmhgtgsvURx2j6sQcRkwxdlst4OlPCuULwdLg8KoLDxxnigvES8Aei/PHc0Cd5Hc8YwvWZHXmUFTFi4UxRtCSVUE6VibikD4uJTypPwK8fOZqctNLdBpWEsxKX3Q0nPX5QN3eYgUJq1ABcmgqbekVjxHtZYR9cCNlSgQSwqSLdP30jY7LHdy8goKkmvFyBbpWg8oTbP2ew8T2A0XeTz91uJENqmj0uQCeVhu8xEZStnHnyJpRj2vY2VwASLZiKi9M32gOdiQeIEGGUsw5H4cBU3NDmFq8/kSIXtMGRhfxZSp4EZSCOdRWDLliQ1chpSg5KB56+kImctCLauw3l3HiStAw3cmG4/zlCr6o3CN9npU1BVvCyNpXUGvClOgvoIHnbNAoQLHcdV5GLwy7cZGeOvBjFwTcIuXCNwjVfURHRgxwgtNiUZf6uw3RBpTcI1jYIRWcAI2orhZlTKbhHO6aNT/AE/lH39Ogam0Mk8puEfBG4Rp8RhURS7lVUak/wAueUZbH9o0Byy0zX9p/wD6C9OZIg6+jaFqg8IuVCd0KZW25zGqpLI4UN+nirDfZu3pLtkmjuX/ABXQ/rpbz9YzxSMo/jLZckwSksw5XAiO/U4yi6KpiRkMVNKMaD6pHxwUCmNsZ3u4+yQ+OCHCI/UhwjUwWQGFhJ2owpCI/wBkEg66nQ+6NVSIYrCrMRkbRhSu8cCK7wbxzqTsrgmsc1I8ucQw2JhbZzvJA6Vqx86AeR4wNtSVkZkBzDMQpG+m8jdqPWGUohVReQFOtKk8P8RaUv48O35OWLVRfkP7y99+nnT4D/aIIkOFNT9rICPxE1P7Qu7wC9CSQ3Xx1oPQH+3nFqzCWtZmagB4gEn30v8AhiVHFYySaMoruyA+Zt72QecFGcwfNWoOo4qZgBPUZvRoWyGoDpRTUHkoqDThdT+iLUbwFTY5UFN6guS1+Iow/wCXGMNlxSO1DZlKla2Bans8/AKUhos9RZt1K13A2vysQeYrCJSXdHpuYgbiAksL55n1guXMAZXIJDmh4gOhdh0qKnpCLgzpjWamU8v5aOKYnLINd9rjpaq84qmoVND5HcRFVl50jKNMstHRSKM0fB4ZZUIEUEDbQxiSUZ30Uab2O5RzMdMyPN+3e2S8/ulaqou46MfaJ57vLnFYy24jWvYq29tubiHNWtwFkQcBz56woeaFst/vMftH9okAKXHQfzU/zpUzito6IxolKVsslY1lMXfWQ2tBzMC56xAqN0NQprOzPapsMwlzCXkHhdpfNd+XivpwPpsrEI6q6MGVgCrA1BB0IMeFSyCKH/Ma/sNtoo31aYbGplng2pTobkc68Yhmi0rRSMvTPR84jveCAs8cLmORZWytBhYR2ogMPEs0PvI1A64oRzE47IjtvCmnXd74RieYG2ljCstj0+MZwaFT6Z6Y4rQmpuzfqJIHP/EMF3cTQDiATQn0Nf1Qpw00Vqbmp/YfAn9UMJL6Em4J/YU9/pGkqKWG95UrT71PQCo6aX6x13o2fQKWpT8IRVPTxMfIxQHFar+UHgCSWPUKIpmTSQFFqsq0/O2ZjX8pY+UZILY0D+JlrqASOFaW/wB1uUGpPFQDeigkjX2SR/pzn9ULHcZmFaEsSfzPeo/KpT1i1LszLYM1OVFHwCrT9QhHEKZoME9UXcQAOVQ9qcs6UPJYuw7khWsQql131BUonqG90LdmgvQk0DVRd1FFVJHQA34vXdH2M2sqZKqaNMUClbLRWQ+SUYji0JTKLppMPLyhlQgsBQVPtBKaHmXIPWCpmIDJcXFGO8qCTenG1wPLdCWbie7ZaIPuhzQAFnUsR96op5pSKMVOdWykUFWFVBGdScykNTWjUpfdAS24aSSXRoTzB5jQ8xE5SFjQXgfZsrPUZ7gfdFKWvQWvragvoIf7Mwyy6vMIAFyTploL/GGhhblXo5prUVGUw3HWnnwjyHtWlcU709pmBHNTv8qekeu4/tKhmiWieEqXztUVBrdV6jUx5TtuZRwx3sDXfUBlb1t6R3YcOluyMpXwHlYPPZlpwpqOEL9o7HdL1zLvIGnWCcPiqHUj4Qy7zOKHXlvEWsT2ZUSecWKjC5FuMT2nhzLeg9k3X9oqk4k0oYIS6lqiJFtGButDzFN4PLWOC19xiBseRhQHquwNqfWJKv8AbHhf8w3+YofOGQMed9h8bknNKJs62/MtSPcT6R6CrRyzioyo6IStFrNSI97FbvA/eCFtDCowv24lZD8lr6XhgBEZ0vMrKdGBHqKQ/wBqJGOwszKXFRU38z4YKD5Ra7VJF7AkEmvTxQnktle+tSD5EfDKYOkT7LvqzCvIe0f9vvgyiUTGRmDLY0FaE8VFC1OpoPIwSx8S9QBzdhmc8qLUfqMKGbw7qBgKbtcxFeHtE/lHGCTiPFe/7uAfW4/u5RNr8HQzk0LFzzCDlUEuerX6LBIxAAVRpc108IqR6kKOnSFTrRixNcpSm4Ag5iKcKIv9xjs6aDnYGpqaA6BQAtP7Vb+6EasZIeo+QA1uqogqbCoo7datT9MSWX9YZGsMjKRu8eWWh9MpHC8ZvE47OoAzJr4uQYk343+EaDsniaykBobMT/8AJfrmUGFlFpbFFx1RrBMFAuUMDeh0BYBlrwJIcdTAeJmBkyqAUVWyncQrOEPSpCnfVlO6BhMcCxFmlCvGjZSegYn0i/DY1GRloAc5WtP/AC0mjMQd/hVj5RCNp2UdNUaDs9IAQtvJvx1IBpxNL8dYD7WYuiiWPtHKRxXgeV4uTaK0OVl1bUg6MbWjHdp9okzUBNb+5b/OPTx1qjzsjezKdsbRJMskjMqTFJG+jGnupGWx7iYgFaeK54Xr84jisbU1/GfQ0r8YC73wkjcT/j5xSyVAuIllDQ3H2WG7kRB+AxOjcP4Yqajih1iqWMjAecEwz22ivLqPaHiHz90Z/uIczTVacIS9+wNNaGkGIzLcMjscoFaxN0IswoR8IpaawPDUHmDYw42o4dUcUDIe7cb6UzoxHm61/AIzBQDhcQZcxJg+ywJ6A391Y9RaYdRHlJWqtyv76fOPQ9i4jPh5bV+wAeq+E/CI5Y3TKR4xg80xX3sQcxXmjn1KWfKY7WJSkizu4RRJGB7RSsk4jcxLDo1z7w0Lpc2iU4V99viY1/bHZ2ZFmqLoaN+VtD5GnqYxF/WO2CuINqYxXE2A9eBNLj1p5R3OS2fgQaDeQaj+coXDh/P5aLEaNp+DrJ+jSbPeuUnUXAuAQdPcDFZWi+Ct6AjjpAqPaJqa8v4YH10Os9egt8SR7JNzWnDSH/ZrEZZDg2ILKORbxD/eYy5nb+f8+UN9gUfMtbM9DzBQKPefdE8kKgMsu2RfhqxiCg8WmRCDzz+I+rL6xXLBMtL+1Ll16PMq9P0kwFtli7Mi0qvHSlUbLypQW41inFY81BXRQhPNQlaDzjj15zydN/o7wiF5SuHINHINRXxMWBK9Kb4x+3MazTQDqqUNOJ1+UNcLtEghCSSRYUsApyg/6TaMpj5+aa55mO/Glrw4sj/l0pd7nrHZL2IJsTflzgcm8fI1AfOLURZa1UNjUbjf4ROY+bKd+h5xWsw6D3xAHdBAMpTVBhTiVo7dYZYZtYX4g1djp1hV5GfgNnSc0oONRr84rmOCOfHhygnY87wsrae6jA29xgNsG4vr0jOvYUn6CtmpnfJ99XXzKtl99I03Y6YThyv3XYetD84zOxnyz5R/9xPewEbPsZhqTMVL+5OPpVh8onNWmFeg5lMV0MP3wfKKfqXKIaspaApKQQkuPsPLg2VIh4xJgz4UOpRhVWBUjiDYx5NtnZzSJry2+yaqfvIfZbz+IMe4JhYTdrey5xMklB/xUBKfiH2k893MDnFo8FZ42sdBjjoQf4COREfAxQBJWi1DzikR8DGAGphy0t3GiMg/vzV9KD+6G/ZpwqO9KspJUbgQhIJG/Q240hrsLBBsFkYf+JmY+Z8B9AphVsSWUWcjChUsD1KhfgY58jtNF4RpphQZ/wDiUPirQE7zRWJPqY+ANVQm+b0Vchp6AjziWcd4RTQgk7qECvuX3xybNVPEaZiAzdSKNHO/J1J8FqvSprUhK335QGv5uISO1STxJPqTDPEPQ5QD4lN+RAH/AEQqWOvEuHJlfSNbxFzQx0i8fPSt66RUkSV4+LiKVEWZY1GDZLRDEpavOnThHEa0GooaU435Sw8jX5QHwPoI2IiiWSw9pif7bD31j1jYKLNw0liqk5FVqgHxKMra8x748ekzMqjkPedY2/0abQxLOZS5HkimdSQrpWtJi19sWCkfl03hq7MjJIgl4p0YeATnQ8gHIVh+UhT5RvOysimP2ivB0P8Admb5xje0Emm0Jygf+oP+pgfnHoXZaV/3jtI/jlL6KYy8DM0BkRz6sIZ93H3dQlGsx+DEOMLLBjPYabSG+ExYhISQGaGRhxBaYaAMJigYaSJoMVVAPIfpX7JiS31uUtEmNSco0SYfZccA96/ip96PMjrH6tx2DSfLeU65kdSrDkR8d/lH5i2vs55Ex5L+3KdkbnQ2boRQ9DDIAFXhGm2NspEFZiqzE2rdQB1tWMwjlSGU0I3w0w+2GAv4WHLwMODL9k8x8LQJX6CqNws4ZeULpy+PT2jf0hFh9sZbrp9qWTcc5bbxyhtJxSvlcHUVFbHTWnr6Ry5YtI6MbTYJOfxBd7zFFeCqoZj6inrEMUoYPTeGpxuFIieLWk2UOGc+4j4Ujjr/AMZVG+U1etQo+EKvTHvyD4gUI5EV6eM/OEc1MrFeB90OMW4ExgftKoHU5h/1CFeJ3Hit/wAy1U/CLYyWRcB3grCFcpDb78oFGpEfKaGOg5z7EScptodI+V9xiTG3KLBhHyCZTwFsgao9umbLSta0gXwJERcswgCm74R9hsI8xsiIzsQaKoqaAVJ9IrUild1KwAkyDQVBFbioNDTWh30jSfR9imTHyKaOxlsOKupt/cFPlHp3YXsyp2csjFyASZkxikxfEtWyhhvU0WoIpakZnsJ2flPtSe6ZxKwrkywTmLEl0TMdaDKxG+wrvg10wonYPvtsOo3YoGnEK6hgPIE+Rjc9hEzvjZ+6ZjJgU8Vl0QfOMPs3E5doYvE7pBxT9WzOksDmWdRSPVOxuyDhsHJlt7eTM/53Od/e1PKMvAzGiyol3UXPMVBViBAv9WlcYHAdPNllGJjMsMlkHhEjha7o5vrfo1n2CxBh7gsSd8K8PhTwhrJw5pFYp10A2kYmPJvpj2SFmpikFpoyP+dBVD5oCP8Alx6VlIEKu0+yPrWFmSftkZkrumJdPI+yeTGHsx+e45WJOpGoIO8GxB4ERCHAfVhxsufmZmNqKiryWv7AnzhNFsmZlIPDdzoafGFlHZDRlTNQk3O+bcuYdKhf8jygeVigz95wLqOgKFfdCaRjCopybzYtW8Tw03LKY781upCj5RD6q/4WWRNr/Zfj3zNmH2Sw9FED4pq3Bsb+tD8zEGfw5eJJ9Qv7R9LTQRSMa/wTlK7/ALKQhJJ4R8QP5138N8bPsr2ZmTnUmWShOpGoPy1iv6QuzQweIVUXLKmoGSmgZQFmKOhyt+uKWI0ZrDYUuLED4+UbLtw8sLhJctQqfVpbkD7zgKOponvjK4B8re740PuEewdgdiYfES5WJmLnmyQZShj4FyMWRgm9srrc10FI1WZOiPY3YP1DBPiJiDv5i5iCBmRWoESu65BYcTS9BGD2H2dE3acvDrUohEyZXUIlGIP5myr+uPeNoYXvJbpWmZaV1odQab4U9nOzcvC52BLzZhBmTCKFqeyqipyqOFecb3Zr4N8VOCI7k0CIzEnQBQST7oyv0Y7PKYdsQwo2JfOK692oyy69fE36xDvtFJSbIeS8wIr5VfiUzAuooRQsoK13VgPEbfVQElLQKAF3AACgA5QHJIKTZnuxXZkKJ2IxIp3mILqrD2lR2ZGI4FiGp+BTGnxu3lHhS54xn8RjWc1dj0GkAs+UxOU/wprbtjSbinepY2gTKvGBHmMbE0HKOUHOJ2PSHmHlVhjKwcUYWVQw5kCOlHKCphKQXLkxcCI4ZgEExFpAjiyIs74R93ohTHl3bv6Nnd5mJwl2Yl3kaFmJq7I2lTc5TvrThHkmIw7IxR1ZXU0ZWBVgeBBuI/VTTo8++lfCSnkI7Ipm94FVxZgtGLAke0LCx4iM5KKsaKcnR4rKlM7BUUsSaAKKkncABDXA9mcTNbKstwTxVqDjU0tvjffRr2cUT+/I8EsWrersKCg5Ak+kesd5BjLZWGUdXR4jK+ijGNo0oDizEV8gCYQbR7PPImvIdgWRqHLoTQGoryIj9HB48Y2iO/2hNIvmnFfRsg9wESzTaqh8UVJ9C9hfRcZsuXNeaFDjMUymuWtr8xQ+cbvZ3YHAymDd3nINRnJIr+XQ+caGQoVQo0UADoBQRaGiiJtkkQCwAA5ACMx9IXZ765hGCCs2We8lcSyjxJ+pajrl4Rpi0cDQwLPzLhcI7k5EZiBUhVJYAbyAK0Fb8I9d+h9yZE+vsiYo/Vl8Qp0y+sbPCbKkS3eZLlIjuSXdQAzZjma/M3gwADlvP7wFwzBdpbTlyRV2AroIx+O7cys+TOF+fnFnbDZ0qdORpk7KiKaopqWNvSMtO2FIZyyJ4d2Y+++sSlLvkeK/oOx/aBS4CK01ibn7KjiW0i1saTYJU8Bp6xFURaAADkBEZkw1oABSJsolRYZp1Y0/CP3gdsVSygGIti0SpBLNSFmLxrNZQE5741Bchk+KVBmZqn7ogb+sr9w+sKizG3vjn1VuBhtQbHpIxqg6xcNqDjGKfEtxiH1o8YrsR1Nu21xxip9sDjGLM08Y4Jx4xtg0bJNr84uXavOMX9YPGJLijxg2DU2X9S5xiO3+0c7yk3IC5/V/hR6wSmKbjGV2zjc052NbCg6i0TyvlFsEe2ei9j3CYZCPtln9TQf6VWNFLxBMeY7D7VyURJbkplAUG7LQcctSD5RrMDt2Q9Ak1GJ0ANT6Q8GlFIlO3Jtmpn4sIjudEVmPkCflHlvYuSZmMRya+MsdL2LV9RGk7WbTC4WYK3cBBzqb+4GM59Hc49+KhcqIxUrrX2SG/u9wicqlJIpC1Fs9fUiJgwqbHoBUsB5wLP23T2ELHnYRVySJKLfgeTpiqMzEKBqTYCBP6pJ1Dqel4zOM2jMmeFymSt0Ar6kxRMxBAoAABvsLRN5PwdY/00OI7QqLIhPAsQBCDH7YmubuEXgtvfC6aXckKK/i3e+Ke8RB42DEbhe43G1IVyb8jqKRPOBpQn7x19TEM5N20/D/AC5hVN2vVzlRRf8AnSLJM8tRrDKb1JNeVIWmGwjEzggrQkc7D9zATYtnNzRfwwYZRnHxVA3ClBypFmHwqLQuAOAF2PkIIAfF4XwIVqCbnpFKbJNRmNTuAuY0krCs9BlKrxOvkN0OsJg0QaX474KsBmZGwHYCwUcTrDH/ALPjjDubNAFdAIW/1deMFIWzNPh4GbDmG5WIFI82HyGvItioyjFeUw4aWIqOHi8fkKzWL8hitlIhk0q0BYs5RYEncN3r8ovHMn4ClbpA2KnlEZhqBbroPeRGKXEEt4yTxLfEnfDjGvPNfCSDxKgDhTlAMyS6UmFCpJoCecP2T6i0aiuPpoiyuAyYfDtLpQvMRCcw1UakdAIIk4x0VsncJeoyKy0FrZct4S4DCszh8ngYAORlUW/6tDDltnSq5r1A0DEeoqIm4yvjHUo1TQu23jWmIFdgSpJspUUNLa/IRf2PxJRyhWgy1X8Vb6b9DE22NKZgcjmu/N8CTT/8gzC4VQyEUXIfCSLitKaX53qNYNP9BtHxVGjWa5FeA0ND5gecQZ3b7VRS5GkDs6qCbHeLUvobVp5wsxG1LZQ+72Uy+WlL+cGiew2dKfb4ezU+VaXiqZilUFqV4Ziak6WG6FomTKVCD2aAnWv3qQGXdyEZgLmppao1vBo1hT7YZj4iQKU8Old1a8oDlT6EqKGoqvmd/PWGKbMOSzK4qTWwApXf5wPs3BtnYqhc6LluoI4tpSDwAsmyzmretdL74cycGqAZzUm4VKs3oPnDnC7CdzWaQgOoWtfNv2pDnDYBJdkUdf5rB7QBNhJU5soCBJY1r7f7CG2E2eiGuW536n1g9l9InUDT3xqNZzhQGKyxIOq9RF/ejfv6RGc6kaV6f4ghFGNmZlKZr76KTCv+kP8Af90aGZLWlBQdDeOUEDoOCdTEXoNSBAjua68IqbWvOPMx/G262LQUZq7qnoPnpEHxHBSf5x0jklf56RYhu3KlOVY64/GhHyMooGMt3ufCPSg6kX9POKnkKKmuamtDbzMMMZZP3v8AGBkQEmorStK7ukWSS4gil1mFmyZWA9nwmgPXQ9eULzsec5zTJ264C2tU7yRX3xod4/m6LMSgCLbUCvPrBug+RPhsEJYqWLgVAqAPUClT5RYMYgsgz/lWw6Mf2gSZdXJvStK3pbn0geTNJOSvhroLcN4vBA2HPinawyodABdybACp0juIkug8U2p1W3lUNpbXSKtlIO8W2lT55ReKJfixABuM1KbqV0gV0wTgcrvR2Y2NKktUgW8IrSLPHkJKZaqAlAK0O8UvShg3YspQ80gC00gVvQeI0v0hd2gxjpNRFYqrLfLY6Ee0LjyMK32jerLsSjJTPMCALUU9oilyVFSb2MW7Onq5VEll6k1c2UVFKk6wXsPZElkVmSrGlSWap63jQyMMigBVA+PrrBUQlWG2OooZrZ6aLloi9FFvWsNE8ICpRRutpyEckr8D8Itl20tDClZlNqSW6n3xJSQdOpH7R83tevxitnPGCA+xONy0FKk6VBFhqfWBvq5epdSORYGvMUMEp7IO+9/OK1uwrxPLeOEAIFNkEGzkcKKPMVIiL41kS8xSbZQ9ia31Xdzhfjp7d6BW1RagjPbSc1N9CtBuF9w0gJ2Z8NPN22xQsgQg1GbfbWxJhJ/XZ334X7Nc5JnUfKKM0PqiezP/2Q=="
                  />
                  <h3>
                    Dictionary
                  </h3>
                </div>
              </div>
            </div>
          </div>
          <button
            class="carousel-arrow block carousel-next"
            data-role="none"
            type="button"
          >
             
            Next
          </button>
        </div>
        <ul
          class="carousel-dots"
          style="display: block;"
        >
          <li
            class="carousel-dots-active carousel-dot-1"
          >
            <button
              type="button"
            >
              1
            </button>
          </li>
          <li
            class=" carousel-dot-2"
          >
            <button
              type="button"
            >
              2
            </button>
          </li>
          <li
            class=" carousel-dot-3"
          >
            <button
              type="button"
            >
              3
            </button>
          </li>
        </ul>
      </div>
    </div>
    <div
      class="c7"
      width="40"
    >
      <div
        class="c8"
      >
        <div
          class="c9"
        >
          <button
            class="c10"
          >
            Login
          </button>
          <button
            class="c11"
          >
            Register
          </button>
        </div>
        <form>
          <div
            class="c12"
          >
            <label
              class="c13"
              for="Почта"
            >
              Почта
            </label>
            <div
              class="c14"
            >
              <img
                alt="Почта"
                class="c15"
                src="https://emojipedia-us.s3.dualstack.us-west-1.amazonaws.com/thumbs/120/google/298/envelope_2709-fe0f.png"
              />
              <input
                class="c16"
                id="Почта"
                name="email"
                type="email"
              />
            </div>
          </div>
          <div
            class="c12"
          >
            <label
              class="c13"
              for="Пароль"
            >
              Пароль
            </label>
            <div
              class="c14"
            >
              <img
                alt="Пароль"
                class="c15"
                src="https://emojipedia-us.s3.dualstack.us-west-1.amazonaws.com/thumbs/120/whatsapp/302/locked_1f512.png"
              />
              <input
                class="c16"
                id="Пароль"
                name="password"
                type="password"
              />
            </div>
          </div>
          <button
            class="c17"
            type="submit"
          >
            Войти
          </button>
        </form>
      </div>
    </div>
  </div>
</div>
`;
